// Jest Snapshot v1, https://goo.gl/fbAQLP

exports[`It matches the snapshot 1`] = `
<div>
  <p>
    Counter: 
    0
  </p>
  <button
    className="increment"
    onClick={[Function]}
  >
     Increment Count 
  </button>
  <button
    className="decrement"
    onClick={[Function]}
  >
     Decrement Count 
  </button>
</div>
`;
